src/app/(dashboard)/projects/[id]/page.tsx(177,49): error TS2741: Property 'role' is missing in type '{ id: string; name: string; email: string; avatarUrl: string; location: string; skills: string[]; followersCount: number; followingCount: number; projectsCount: number; createdAt: string; }' but required in type 'User'.
src/app/(dashboard)/projects/[id]/page.tsx(202,49): error TS2741: Property 'role' is missing in type '{ id: string; name: string; email: string; avatarUrl: string; location: string; skills: string[]; followersCount: number; followingCount: number; projectsCount: number; createdAt: string; }' but required in type 'User'.
